// Jest Snapshot v1, https://goo.gl/fbAQLP

exports[`UserList renders without crashing 1`] = `
<Fragment>
  <MainHeader />
  <MainContent
    title="Listagem de UsuÃ¡rios"
  >
    <Connect(UserTable) />
  </MainContent>
</Fragment>
`;
